Copyright 1986-2022 Xilinx, Inc. All Rights Reserved. Copyright 2022-2023 Advanced Micro Devices, Inc. All Rights Reserved.
-----------------------------------------------------------------------------------------------------------------------------------------------
| Tool Version : Vivado v.2023.2 (win64) Build 4029153 Fri Oct 13 20:14:34 MDT 2023
| Date         : Wed Aug 26 17:26:40 2026
| Host         : home_main running 64-bit major release  (build 9200)
| Command      : report_timing_summary -file C:/Users/figue/Prismpath_working_dir/finale_stateful_build/vivado/build_overlay_finale/timing.rpt
| Design       : ppt_bd_wrapper
| Device       : 7z020-clg400
| Speed File   : -1  PRODUCTION 1.12 2019-11-22
| Design State : Routed
-----------------------------------------------------------------------------------------------------------------------------------------------

Timing Summary Report

------------------------------------------------------------------------------------------------
| Timer Settings
| --------------
------------------------------------------------------------------------------------------------

  Enable Multi Corner Analysis               :  Yes
  Enable Pessimism Removal                   :  Yes
  Pessimism Removal Resolution               :  Nearest Common Node
  Enable Input Delay Default Clock           :  No
  Enable Preset / Clear Arcs                 :  No
  Disable Flight Delays                      :  No
  Ignore I/O Paths                           :  No
  Timing Early Launch at Borrowing Latches   :  No
  Borrow Time for Max Delay Exceptions       :  Yes
  Merge Timing Exceptions                    :  Yes
  Inter-SLR Compensation                     :  Conservative

  Corner  Analyze    Analyze    
  Name    Max Paths  Min Paths  
  ------  ---------  ---------  
  Slow    Yes        Yes        
  Fast    Yes        Yes        


------------------------------------------------------------------------------------------------
| Report Methodology
| ------------------
------------------------------------------------------------------------------------------------

Rule       Severity  Description                    Violations  
---------  --------  -----------------------------  ----------  
TIMING-18  Warning   Missing input or output delay  17          

Note: This report is based on the most recent report_methodology run and may not be up-to-date. Run report_methodology on the current design for the latest report.



check_timing report

Table of Contents
-----------------
1. checking no_clock (0)
2. checking constant_clock (0)
3. checking pulse_width_clock (0)
4. checking unconstrained_internal_endpoints (0)
5. checking no_input_delay (9)
6. checking no_output_delay (8)
7. checking multiple_clock (0)
8. checking generated_clocks (0)
9. checking loops (0)
10. checking partial_input_delay (0)
11. checking partial_output_delay (0)
12. checking latch_loops (0)

1. checking no_clock (0)
------------------------
 There are 0 register/latch pins with no clock.


2. checking constant_clock (0)
------------------------------
 There are 0 register/latch pins with constant_clock.


3. checking pulse_width_clock (0)
---------------------------------
 There are 0 register/latch pins which need pulse_width check


4. checking unconstrained_internal_endpoints (0)
------------------------------------------------
 There are 0 pins that are not constrained for maximum delay.

 There are 0 pins that are not constrained for maximum delay due to constant clock.


5. checking no_input_delay (9)
------------------------------
 There are 9 input ports with no input delay specified. (HIGH)

 There are 0 input ports with no input delay but user has a false path constraint.


6. checking no_output_delay (8)
-------------------------------
 There are 8 ports with no output delay specified. (HIGH)

 There are 0 ports with no output delay but user has a false path constraint

 There are 0 ports with no output delay but with a timing clock defined on it or propagating through it


7. checking multiple_clock (0)
------------------------------
 There are 0 register/latch pins with multiple clocks.


8. checking generated_clocks (0)
--------------------------------
 There are 0 generated clocks that are not connected to a clock source.


9. checking loops (0)
---------------------
 There are 0 combinational loops in the design.


10. checking partial_input_delay (0)
------------------------------------
 There are 0 input ports with partial input delay specified.


11. checking partial_output_delay (0)
-------------------------------------
 There are 0 ports with partial output delay specified.


12. checking latch_loops (0)
----------------------------
 There are 0 combinational latch loops in the design through latch input



------------------------------------------------------------------------------------------------
| Design Timing Summary
| ---------------------
------------------------------------------------------------------------------------------------

    WNS(ns)      TNS(ns)  TNS Failing Endpoints  TNS Total Endpoints      WHS(ns)      THS(ns)  THS Failing Endpoints  THS Total Endpoints     WPWS(ns)     TPWS(ns)  TPWS Failing Endpoints  TPWS Total Endpoints  
    -------      -------  ---------------------  -------------------      -------      -------  ---------------------  -------------------     --------     --------  ----------------------  --------------------  
      1.754        0.000                      0                 7496        0.047        0.000                      0                 7496        8.750        0.000                       0                  2655  


All user specified timing constraints are met.


------------------------------------------------------------------------------------------------
| Clock Summary
| -------------
------------------------------------------------------------------------------------------------

Clock       Waveform(ns)       Period(ns)      Frequency(MHz)
-----       ------------       ----------      --------------
clk_fpga_0  {0.000 10.000}     20.000          50.000          


------------------------------------------------------------------------------------------------
| Intra Clock Table
| -----------------
------------------------------------------------------------------------------------------------

Clock             WNS(ns)      TNS(ns)  TNS Failing Endpoints  TNS Total Endpoints      WHS(ns)      THS(ns)  THS Failing Endpoints  THS Total Endpoints     WPWS(ns)     TPWS(ns)  TPWS Failing Endpoints  TPWS Total Endpoints  
-----             -------      -------  ---------------------  -------------------      -------      -------  ---------------------  -------------------     --------     --------  ----------------------  --------------------  
clk_fpga_0          1.754        0.000                      0                 7496        0.047        0.000                      0                 7496        8.750        0.000                       0                  2655  


------------------------------------------------------------------------------------------------
| Inter Clock Table
| -----------------
------------------------------------------------------------------------------------------------

From Clock    To Clock          WNS(ns)      TNS(ns)  TNS Failing Endpoints  TNS Total Endpoints      WHS(ns)      THS(ns)  THS Failing Endpoints  THS Total Endpoints  
----------    --------          -------      -------  ---------------------  -------------------      -------      -------  ---------------------  -------------------  


------------------------------------------------------------------------------------------------
| Other Path Groups Table
| -----------------------
------------------------------------------------------------------------------------------------

Path Group    From Clock    To Clock          WNS(ns)      TNS(ns)  TNS Failing Endpoints  TNS Total Endpoints      WHS(ns)      THS(ns)  THS Failing Endpoints  THS Total Endpoints  
----------    ----------    --------          -------      -------  ---------------------  -------------------      -------      -------  ---------------------  -------------------  


------------------------------------------------------------------------------------------------
| Timing Details
| --------------
------------------------------------------------------------------------------------------------


---------------------------------------------------------------------------------------------------
From Clock:  clk_fpga_0
  To Clock:  clk_fpga_0

Setup :            0  Failing Endpoints,  Worst Slack        1.754ns,  Total Violation        0.000ns
Hold  :            0  Failing Endpoints,  Worst Slack        0.047ns,  Total Violation        0.000ns
PW    :            0  Failing Endpoints,  Worst Slack        8.750ns,  Total Violation        0.000ns
---------------------------------------------------------------------------------------------------


Max Delay Paths
--------------------------------------------------------------------------------------
Slack (MET) :             1.754ns  (required time - arrival time)
  Source:                 ppt_bd_i/ppt_0/inst/u_ppt_datapath/axi/core/node_r_reg_rep_rep[1]/C
                            (rising edge-triggered cell FDRE clocked by clk_fpga_0  {rise@0.000ns fall@10.000ns period=20.000ns})
  Destination:            ppt_bd_i/ppt_0/inst/u_ppt_datapath/axi/core/stk_reg[0]/D
                            (rising edge-triggered cell FDRE clocked by clk_fpga_0  {rise@0.000ns fall@10.000ns period=20.000ns})
  Path Group:             clk_fpga_0
  Path Type:              Setup (Max at Slow Process Corner)
  Requirement:            20.000ns  (clk_fpga_0 rise@20.000ns - clk_fpga_0 rise@0.000ns)
  Data Path Delay:        17.948ns  (logic 5.749ns (32.032%)  route 12.199ns (67.968%))
  Logic Levels:           23  (CARRY4=8 LUT2=3 LUT3=1 LUT4=1 LUT5=1 LUT6=5 RAMD32=1 RAMD64E=3)
  Clock Path Skew:        -0.025ns (DCD - SCD + CPR)
    Destination Clock Delay (DCD):    2.656ns = ( 22.656 - 20.000 ) 
    Source Clock Delay      (SCD):    2.943ns
    Clock Pessimism Removal (CPR):    0.262ns
  Clock Uncertainty:      0.302ns  ((TSJ^2 + TIJ^2)^1/2 + DJ) / 2 + PE
    Total System Jitter     (TSJ):    0.071ns
    Total Input Jitter      (TIJ):    0.600ns
    Discrete Jitter          (DJ):    0.000ns
    Phase Error              (PE):    0.000ns

    Location             Delay type                Incr(ns)  Path(ns)    Netlist Resource(s)
  -------------------------------------------------------------------    -------------------
                         (clock clk_fpga_0 rise edge)
                                                      0.000     0.000 r  
    PS7_X0Y0             PS7                          0.000     0.000 r  ppt_bd_i/ps7/inst/PS7_i/FCLKCLK[0]
                         net (fo=1, routed)           1.193     1.193    ppt_bd_i/ps7/inst/FCLK_CLK_unbuffered[0]
    BUFGCTRL_X0Y16       BUFG (Prop_bufg_I_O)         0.101     1.294 r  ppt_bd_i/ps7/inst/buffer_fclk_clk_0.FCLK_CLK_0_BUFG/O
                         net (fo=2655, routed)        1.649     2.943    ppt_bd_i/ppt_0/inst/u_ppt_datapath/axi/core/s_axi_aclk
    SLICE_X43Y90         FDRE                                         r  ppt_bd_i/ppt_0/inst/u_ppt_datapath/axi/core/node_r_reg_rep_rep[1]/C
  -------------------------------------------------------------------    -------------------
    SLICE_X43Y90         FDRE (Prop_fdre_C_Q)         0.456     3.399 r  ppt_bd_i/ppt_0/inst/u_ppt_datapath/axi/core/node_r_reg_rep_rep[1]/Q
                         net (fo=6, routed)           1.107     4.506    ppt_bd_i/ppt_0/inst/u_ppt_datapath/axi/core/node_eoff_reg_0_15_0_5/ADDRA1
    SLICE_X42Y90         RAMD32 (Prop_ramd32_RADR1_O)
                                                      0.146     4.652 r  ppt_bd_i/ppt_0/inst/u_ppt_datapath/axi/core/node_eoff_reg_0_15_0_5/RAMA/O
                         net (fo=2, routed)           0.655     5.308    ppt_bd_i/ppt_0/inst/u_ppt_datapath/axi/core/eidx0[0]
    SLICE_X43Y90         LUT2 (Prop_lut2_I0_O)        0.328     5.636 r  ppt_bd_i/ppt_0/inst/u_ppt_datapath/axi/core/eidx_carry_i_4/O
                         net (fo=1, routed)           0.000     5.636    ppt_bd_i/ppt_0/inst/u_ppt_datapath/axi/core/eidx_carry_i_4_n_0
    SLICE_X43Y90         CARRY4 (Prop_carry4_S[0]_CO[3])
                                                      0.532     6.168 r  ppt_bd_i/ppt_0/inst/u_ppt_datapath/axi/core/eidx_carry/CO[3]
                         net (fo=1, routed)           0.000     6.168    ppt_bd_i/ppt_0/inst/u_ppt_datapath/axi/core/eidx_carry_n_0
    SLICE_X43Y91         CARRY4 (Prop_carry4_CI_O[0])
                                                      0.222     6.390 r  ppt_bd_i/ppt_0/inst/u_ppt_datapath/axi/core/eidx_carry__0/O[0]
                         net (fo=26, routed)          0.996     7.385    ppt_bd_i/ppt_0/inst/u_ppt_datapath/axi/core/edge_poff_reg_0_63_0_2/ADDRB4
    SLICE_X42Y86         RAMD64E (Prop_ramd64e_RADR4_O)
                                                      0.299     7.684 r  ppt_bd_i/ppt_0/inst/u_ppt_datapath/axi/core/edge_poff_reg_0_63_0_2/RAMB/O
                         net (fo=2, routed)           0.482     8.167    ppt_bd_i/ppt_0/inst/u_ppt_datapath/axi/core/paddr0[1]
    SLICE_X43Y87         LUT2 (Prop_lut2_I0_O)        0.124     8.291 r  ppt_bd_i/ppt_0/inst/u_ppt_datapath/axi/core/paddr_carry_i_3/O
                         net (fo=1, routed)           0.000     8.291    ppt_bd_i/ppt_0/inst/u_ppt_datapath/axi/core/paddr_carry_i_3_n_0
    SLICE_X43Y87         CARRY4 (Prop_carry4_S[1]_O[2])
                                                      0.580     8.871 r  ppt_bd_i/ppt_0/inst/u_ppt_datapath/axi/core/paddr_carry/O[2]
                         net (fo=64, routed)          1.255    10.126    ppt_bd_i/ppt_0/inst/u_ppt_datapath/axi/core/prog_reg_64_127_0_2/ADDRC2
    SLICE_X38Y83         RAMD64E (Prop_ramd64e_RADR2_O)
                                                      0.302    10.428 r  ppt_bd_i/ppt_0/inst/u_ppt_datapath/axi/core/prog_reg_64_127_0_2/RAMC/O
                         net (fo=1, routed)           0.943    11.370    ppt_bd_i/ppt_0/inst/u_ppt_datapath/axi/core/prog_reg_64_127_0_2_n_2
    SLICE_X43Y83         LUT6 (Prop_lut6_I3_O)        0.124    11.494 r  ppt_bd_i/ppt_0/inst/u_ppt_datapath/axi/core/atom_op_reg_0_63_0_2_i_5/O
                         net (fo=63, routed)          1.077    12.571    ppt_bd_i/ppt_0/inst/u_ppt_datapath/axi/core/atom_field_reg_0_63_0_2/ADDRC2
    SLICE_X46Y88         RAMD64E (Prop_ramd64e_RADR2_O)
                                                      0.124    12.695 r  ppt_bd_i/ppt_0/inst/u_ppt_datapath/axi/core/atom_field_reg_0_63_0_2/RAMC/O
                         net (fo=37, routed)          0.860    13.555    ppt_bd_i/ppt_0/inst/u_ppt_datapath/axi/core/atom_field_reg_0_63_0_2_n_2
    SLICE_X47Y87         LUT6 (Prop_lut6_I1_O)        0.124    13.679 r  ppt_bd_i/ppt_0/inst/u_ppt_datapath/axi/core/rty2_carry_i_4/O
                         net (fo=1, routed)           0.000    13.679    ppt_bd_i/ppt_0/inst/u_ppt_datapath/axi/core/rty2_carry_i_4_n_0
    SLICE_X47Y87         CARRY4 (Prop_carry4_S[0]_CO[3])
                                                      0.532    14.211 r  ppt_bd_i/ppt_0/inst/u_ppt_datapath/axi/core/rty2_carry/CO[3]
                         net (fo=1, routed)           0.000    14.211    ppt_bd_i/ppt_0/inst/u_ppt_datapath/axi/core/rty2_carry_n_0
    SLICE_X47Y88         CARRY4 (Prop_carry4_CI_CO[1])
                                                      0.157    14.368 r  ppt_bd_i/ppt_0/inst/u_ppt_datapath/axi/core/rty2_carry__0/CO[1]
                         net (fo=16, routed)          0.799    15.167    ppt_bd_i/ppt_0/inst/u_ppt_datapath/axi/core/rty2
    SLICE_X51Y90         LUT6 (Prop_lut6_I3_O)        0.329    15.496 f  ppt_bd_i/ppt_0/inst/u_ppt_datapath/axi/core/i__carry__0_i_16__0/O
                         net (fo=3, routed)           0.444    15.939    ppt_bd_i/ppt_0/inst/u_ppt_datapath/axi/core/i__carry__0_i_16__0_n_0
    SLICE_X51Y90         LUT2 (Prop_lut2_I0_O)        0.124    16.063 f  ppt_bd_i/ppt_0/inst/u_ppt_datapath/axi/core/i__carry__0_i_12__0/O
                         net (fo=5, routed)           0.858    16.921    ppt_bd_i/ppt_0/inst/u_ppt_datapath/axi/core/i__carry__0_i_12__0_n_0
    SLICE_X51Y87         LUT4 (Prop_lut4_I3_O)        0.124    17.045 r  ppt_bd_i/ppt_0/inst/u_ppt_datapath/axi/core/i__carry__0_i_6__2/O
                         net (fo=1, routed)           0.000    17.045    ppt_bd_i/ppt_0/inst/u_ppt_datapath/axi/core/i__carry__0_i_6__2_n_0
    SLICE_X51Y87         CARRY4 (Prop_carry4_S[2]_CO[3])
                                                      0.398    17.443 r  ppt_bd_i/ppt_0/inst/u_ppt_datapath/axi/core/atom_true1_inferred__0/i__carry__0/CO[3]
                         net (fo=1, routed)           0.000    17.443    ppt_bd_i/ppt_0/inst/u_ppt_datapath/axi/core/atom_true1_inferred__0/i__carry__0_n_0
    SLICE_X51Y88         CARRY4 (Prop_carry4_CI_CO[3])
                                                      0.114    17.557 r  ppt_bd_i/ppt_0/inst/u_ppt_datapath/axi/core/atom_true1_inferred__0/i__carry__1/CO[3]
                         net (fo=1, routed)           0.000    17.557    ppt_bd_i/ppt_0/inst/u_ppt_datapath/axi/core/atom_true1_inferred__0/i__carry__1_n_0
    SLICE_X51Y89         CARRY4 (Prop_carry4_CI_CO[3])
                                                      0.114    17.671 f  ppt_bd_i/ppt_0/inst/u_ppt_datapath/axi/core/atom_true1_inferred__0/i__carry__2/CO[3]
                         net (fo=2, routed)           0.975    18.646    ppt_bd_i/ppt_0/inst/u_ppt_datapath/axi/core/atom_true14_in
    SLICE_X54Y88         LUT6 (Prop_lut6_I3_O)        0.124    18.770 r  ppt_bd_i/ppt_0/inst/u_ppt_datapath/axi/core/stk[0]_i_10/O
                         net (fo=1, routed)           0.617    19.387    ppt_bd_i/ppt_0/inst/u_ppt_datapath/axi/core/stk[0]_i_10_n_0
    SLICE_X54Y88         LUT3 (Prop_lut3_I2_O)        0.124    19.511 r  ppt_bd_i/ppt_0/inst/u_ppt_datapath/axi/core/stk[0]_i_4/O
                         net (fo=1, routed)           0.303    19.814    ppt_bd_i/ppt_0/inst/u_ppt_datapath/axi/core/stk[0]_i_4_n_0
    SLICE_X54Y89         LUT5 (Prop_lut5_I0_O)        0.124    19.938 r  ppt_bd_i/ppt_0/inst/u_ppt_datapath/axi/core/stk[0]_i_3/O
                         net (fo=1, routed)           0.829    20.767    ppt_bd_i/ppt_0/inst/u_ppt_datapath/axi/core/atom_true
    SLICE_X43Y89         LUT6 (Prop_lut6_I2_O)        0.124    20.891 r  ppt_bd_i/ppt_0/inst/u_ppt_datapath/axi/core/stk[0]_i_1/O
                         net (fo=1, routed)           0.000    20.891    ppt_bd_i/ppt_0/inst/u_ppt_datapath/axi/core/stk[0]_i_1_n_0
    SLICE_X43Y89         FDRE                                         r  ppt_bd_i/ppt_0/inst/u_ppt_datapath/axi/core/stk_reg[0]/D
  -------------------------------------------------------------------    -------------------

                         (clock clk_fpga_0 rise edge)
                                                     20.000    20.000 r  
    PS7_X0Y0             PS7                          0.000    20.000 r  ppt_bd_i/ps7/inst/PS7_i/FCLKCLK[0]
                         net (fo=1, routed)           1.088    21.088    ppt_bd_i/ps7/inst/FCLK_CLK_unbuffered[0]
    BUFGCTRL_X0Y16       BUFG (Prop_bufg_I_O)         0.091    21.179 r  ppt_bd_i/ps7/inst/buffer_fclk_clk_0.FCLK_CLK_0_BUFG/O
                         net (fo=2655, routed)        1.477    22.656    ppt_bd_i/ppt_0/inst/u_ppt_datapath/axi/core/s_axi_aclk
    SLICE_X43Y89         FDRE                                         r  ppt_bd_i/ppt_0/inst/u_ppt_datapath/axi/core/stk_reg[0]/C
                         clock pessimism              0.262    22.918    
                         clock uncertainty           -0.302    22.616    
    SLICE_X43Y89         FDRE (Setup_fdre_C_D)        0.029    22.645    ppt_bd_i/ppt_0/inst/u_ppt_datapath/axi/core/stk_reg[0]
  -------------------------------------------------------------------
                         required time                         22.645    
                         arrival time                         -20.891    
  -------------------------------------------------------------------
                         slack                                  1.754    





Min Delay Paths
--------------------------------------------------------------------------------------
Slack (MET) :             0.047ns  (arrival time - required time)
  Source:                 ppt_bd_i/ps7_axi_periph/s00_couplers/auto_pc/inst/gen_axilite.gen_b2s_conv.axilite_b2s/RD.r_channel_0/r_arid_r_reg[8]/C
                            (rising edge-triggered cell FDRE clocked by clk_fpga_0  {rise@0.000ns fall@10.000ns period=20.000ns})
  Destination:            ppt_bd_i/ps7_axi_periph/s00_couplers/auto_pc/inst/gen_axilite.gen_b2s_conv.axilite_b2s/RD.r_channel_0/transaction_fifo_0/memory_reg[31][9]_srl32/D
                            (rising edge-triggered cell SRLC32E clocked by clk_fpga_0  {rise@0.000ns fall@10.000ns period=20.000ns})
  Path Group:             clk_fpga_0
  Path Type:              Hold (Min at Fast Process Corner)
  Requirement:            0.000ns  (clk_fpga_0 rise@0.000ns - clk_fpga_0 rise@0.000ns)
  Data Path Delay:        0.246ns  (logic 0.141ns (57.351%)  route 0.105ns (42.649%))
  Logic Levels:           0  
  Clock Path Skew:        0.016ns (DCD - SCD - CPR)
    Destination Clock Delay (DCD):    1.209ns
    Source Clock Delay      (SCD):    0.911ns
    Clock Pessimism Removal (CPR):    0.282ns

    Location             Delay type                Incr(ns)  Path(ns)    Netlist Resource(s)
  -------------------------------------------------------------------    -------------------
                         (clock clk_fpga_0 rise edge)
                                                      0.000     0.000 r  
    PS7_X0Y0             PS7                          0.000     0.000 r  ppt_bd_i/ps7/inst/PS7_i/FCLKCLK[0]
                         net (fo=1, routed)           0.310     0.310    ppt_bd_i/ps7/inst/FCLK_CLK_unbuffered[0]
    BUFGCTRL_X0Y16       BUFG (Prop_bufg_I_O)         0.026     0.336 r  ppt_bd_i/ps7/inst/buffer_fclk_clk_0.FCLK_CLK_0_BUFG/O
                         net (fo=2655, routed)        0.575     0.911    ppt_bd_i/ps7_axi_periph/s00_couplers/auto_pc/inst/gen_axilite.gen_b2s_conv.axilite_b2s/RD.r_channel_0/aclk
    SLICE_X28Y91         FDRE                                         r  ppt_bd_i/ps7_axi_periph/s00_couplers/auto_pc/inst/gen_axilite.gen_b2s_conv.axilite_b2s/RD.r_channel_0/r_arid_r_reg[8]/C
  -------------------------------------------------------------------    -------------------
    SLICE_X28Y91         FDRE (Prop_fdre_C_Q)         0.141     1.052 r  ppt_bd_i/ps7_axi_periph/s00_couplers/auto_pc/inst/gen_axilite.gen_b2s_conv.axilite_b2s/RD.r_channel_0/r_arid_r_reg[8]/Q
                         net (fo=1, routed)           0.105     1.156    ppt_bd_i/ps7_axi_periph/s00_couplers/auto_pc/inst/gen_axilite.gen_b2s_conv.axilite_b2s/RD.r_channel_0/transaction_fifo_0/in[9]
    SLICE_X30Y91         SRLC32E                                      r  ppt_bd_i/ps7_axi_periph/s00_couplers/auto_pc/inst/gen_axilite.gen_b2s_conv.axilite_b2s/RD.r_channel_0/transaction_fifo_0/memory_reg[31][9]_srl32/D
  -------------------------------------------------------------------    -------------------

                         (clock clk_fpga_0 rise edge)
                                                      0.000     0.000 r  
    PS7_X0Y0             PS7                          0.000     0.000 r  ppt_bd_i/ps7/inst/PS7_i/FCLKCLK[0]
                         net (fo=1, routed)           0.337     0.337    ppt_bd_i/ps7/inst/FCLK_CLK_unbuffered[0]
    BUFGCTRL_X0Y16       BUFG (Prop_bufg_I_O)         0.029     0.366 r  ppt_bd_i/ps7/inst/buffer_fclk_clk_0.FCLK_CLK_0_BUFG/O
                         net (fo=2655, routed)        0.843     1.209    ppt_bd_i/ps7_axi_periph/s00_couplers/auto_pc/inst/gen_axilite.gen_b2s_conv.axilite_b2s/RD.r_channel_0/transaction_fifo_0/aclk
    SLICE_X30Y91         SRLC32E                                      r  ppt_bd_i/ps7_axi_periph/s00_couplers/auto_pc/inst/gen_axilite.gen_b2s_conv.axilite_b2s/RD.r_channel_0/transaction_fifo_0/memory_reg[31][9]_srl32/CLK
                         clock pessimism             -0.282     0.927    
    SLICE_X30Y91         SRLC32E (Hold_srlc32e_CLK_D)
                                                      0.183     1.110    ppt_bd_i/ps7_axi_periph/s00_couplers/auto_pc/inst/gen_axilite.gen_b2s_conv.axilite_b2s/RD.r_channel_0/transaction_fifo_0/memory_reg[31][9]_srl32
  -------------------------------------------------------------------
                         required time                         -1.110    
                         arrival time                           1.156    
  -------------------------------------------------------------------
                         slack                                  0.047    





Pulse Width Checks
--------------------------------------------------------------------------------------
Clock Name:         clk_fpga_0
Waveform(ns):       { 0.000 10.000 }
Period(ns):         20.000
Sources:            { ppt_bd_i/ps7/inst/PS7_i/FCLKCLK[0] }

Check Type        Corner  Lib Pin      Reference Pin  Required(ns)  Actual(ns)  Slack(ns)  Location      Pin
Min Period        n/a     XADC/DCLK    n/a            4.000         20.000      16.000     XADC_X0Y0     ppt_bd_i/xadc/inst/DCLK
Low Pulse Width   Slow    RAMD64E/CLK  n/a            1.250         10.000      8.750      SLICE_X46Y88  ppt_bd_i/ppt_0/inst/u_ppt_datapath/axi/core/atom_field_reg_0_63_0_2/RAMA/CLK
High Pulse Width  Slow    RAMD64E/CLK  n/a            1.250         10.000      8.750      SLICE_X46Y88  ppt_bd_i/ppt_0/inst/u_ppt_datapath/axi/core/atom_field_reg_0_63_0_2/RAMA/CLK



