Traceback (most recent call last):
  File "/home/xilinx/pynq/pl_server/embedded_device.py", line 253, in get_parser
    parser = self._get_cache() 
  File "/home/xilinx/pynq/pl_server/embedded_device.py", line 206, in _get_cache
    if self._cache_exists():
  File "/home/xilinx/pynq/pl_server/embedded_device.py", line 193, in _cache_exists
    glob_state = load_global_state()
  File "/home/xilinx/pynq/pl_server/global_state.py", line 92, in load_global_state
    jdict = json.load(state_file)
  File "/usr/lib/python3.10/json/__init__.py", line 293, in load
    return loads(fp.read(),
  File "/usr/lib/python3.10/json/__init__.py", line 346, in loads
    return _default_decoder.decode(s)
  File "/usr/lib/python3.10/json/decoder.py", line 337, in decode
    obj, end = self.raw_decode(s, idx=_w(s, 0).end())
  File "/usr/lib/python3.10/json/decoder.py", line 355, in raw_decode
    raise JSONDecodeError("Expecting value", s, err.value) from None
json.decoder.JSONDecodeError: Expecting value: line 1 column 1 (char 0)

During handling of the above exception, another exception occurred:

Traceback (most recent call last):
  File "/home/xilinx/a3_fabric_run.py", line 24, in <module>
    ol = PptOverlay("/home/xilinx/ppt_datapath.bit")           # the one configuration
  File "/home/xilinx/ppt_pynq.py", line 86, in __init__
    self.ol = Overlay(bit_path)
  File "/home/xilinx/pynq/overlay.py", line 322, in __init__
    self.device.set_bitfile_name(self.bitfile_name)
  File "/home/xilinx/pynq/pl_server/device.py", line 118, in set_bitfile_name
    self.parser = self.get_bitfile_metadata(self.bitfile_name)
  File "/home/xilinx/pynq/pl_server/embedded_device.py", line 693, in get_bitfile_metadata
    parser = _get_bitstream_handler(bitfile_name).get_parser(partial=partial)
  File "/home/xilinx/pynq/pl_server/embedded_device.py", line 257, in get_parser
    raise RuntimeError(f"Unable to parse metadata")
RuntimeError: Unable to parse metadata
